// Jest Snapshot v1, https://goo.gl/fbAQLP

exports[`Character component renders Character 1`] = `
<DocumentFragment>
  <figure
    class="character"
  >
    <img
      alt="Morty Smith"
      src="morty-smith.url"
    />
    <figcaption>
      Morty Smith
    </figcaption>
  </figure>
</DocumentFragment>
`;
